2026-09-03 00:26:40 | admin | INFO | ✓ Command: /play o sahib | User: 8021449673 | Chat: -1003266613458
2026-09-03 00:33:50 | admin | INFO | ✓ Command: /play o sahib | User: 8021449673 | Chat: -1003266613458
2026-09-03 00:35:54 | admin | INFO | ✓ Command: /start | User: 8021449673 | Chat: 8021449673
2026-09-03 00:58:20 | admin | INFO | ✓ Command: /start | User: 8021449673 | Chat: 8021449673
2026-09-03 00:58:24 | admin | INFO | ✗ Command: text_search: ✦ VTH MUSIC
Premium music, clean controls and a faster player built for Telegram.

● Welcome, ꪜ 𝚨 𝔩 ꧊᱂ ༏ །༨ • Ⲧͱ꧊𝛂།༨𝛖𐍂
● Add me to a group and start playing.

Fast • Stable • Premium | User: 8751218533 | Chat: 8021449673
2026-09-03 00:58:27 | admin | INFO | ✓ Command: /start | User: 8021449673 | Chat: 8021449673
2026-09-03 00:58:30 | admin | INFO | ✗ Command: text_search: ✦ VTH MUSIC
Premium music, clean controls and a faster player built for Telegram.

● Welcome, ꪜ 𝚨 𝔩 ꧊᱂ ༏ །༨ • Ⲧͱ꧊𝛂།༨𝛖𐍂
● Add me to a group and start playing.

Fast • Stable • Premium | User: 8751218533 | Chat: 8021449673
2026-09-03 00:58:34 | admin | INFO | ✓ Command: /start | User: 8021449673 | Chat: 8021449673
2026-09-03 00:58:35 | admin | INFO | ✓ Command: /start | User: 8021449673 | Chat: 8021449673
2026-09-03 00:58:37 | admin | INFO | ✗ Command: text_search: ✦ VTH MUSIC
Premium music, clean controls and a faster player built for Telegram.

● Welcome, ꪜ 𝚨 𝔩 ꧊᱂ ༏ །༨ • Ⲧͱ꧊𝛂།༨𝛖𐍂
● Add me to a group and start playing.

Fast • Stable • Premium | User: 8751218533 | Chat: 8021449673
2026-09-03 00:58:38 | admin | INFO | ✗ Command: text_search: ✦ VTH MUSIC
Premium music, clean controls and a faster player built for Telegram.

● Welcome, ꪜ 𝚨 𝔩 ꧊᱂ ༏ །༨ • Ⲧͱ꧊𝛂།༨𝛖𐍂
● Add me to a group and start playing.

Fast • Stable • Premium | User: 8751218533 | Chat: 8021449673
2026-09-03 01:02:24 | admin | INFO | ✓ Command: /start | User: 8021449673 | Chat: 8021449673
2026-09-03 01:02:28 | admin | INFO | ✗ Command: text_search: ✦ VTH MUSIC
Premium music, clean controls and a faster player built for Telegram.

● Welcome, ꪜ 𝚨 𝔩 ꧊᱂ ༏ །༨ • Ⲧͱ꧊𝛂།༨𝛖𐍂
● Add me to a group and start playing.

Fast • Stable • Premium | User: 8766449980 | Chat: 8021449673
2026-09-03 01:03:49 | admin | INFO | ✓ Command: /start | User: 8021449673 | Chat: 8021449673
2026-09-03 01:04:34 | admin | INFO | ✓ Command: /play o sahib | User: 8021449673 | Chat: -1003266613458
2026-09-03 01:05:14 | admin | INFO | ✓ Command: /play andaz ae karam | User: 8021449673 | Chat: -1003266613458
2026-09-03 01:19:27 | admin | INFO | ✓ Command: /start | User: 8021449673 | Chat: 8021449673
2026-09-03 01:19:33 | admin | INFO | ✓ Command: /play p sahib | User: 8021449673 | Chat: -1003266613458
2026-09-03 01:23:44 | admin | INFO | ✓ Command: /start | User: 8021449673 | Chat: 8021449673
2026-09-03 01:26:40 | admin | INFO | ✓ Command: /start | User: 8021449673 | Chat: 8021449673
2026-09-03 01:28:25 | admin | INFO | ✓ Command: /start | User: 8021449673 | Chat: 8021449673
2026-09-03 01:28:47 | admin | INFO | ✓ Command: /start | User: 8021449673 | Chat: 8021449673
2026-09-03 01:33:09 | admin | INFO | ✗ Command: text_search: 🎵 VTH MUSIC

Song : {title}
😽 : {artist}
⏰Duration :  {duration}
🥺 Requested by: {requested_by}
😽 Queue: {queue}

━━━━━━━━━━━━━━
▶️ NOW PLAYING
━━━━━━━━━━━━━━ | User: 8021449673 | Chat: 8021449673
2026-09-03 01:33:37 | admin | INFO | ✓ Command: text_search: Tum hi ho | User: 8021449673 | Chat: 8021449673
2026-09-03 01:39:05 | admin | INFO | ✗ Command: text_search: 🎁ᴛιᴛʟє: O Sahiba O Sahiba
👁ᴅᴜʀᴧᴛιση: 4:52 ᴍιη
🥰ʀєǫᴜєsᴛєᴅ: ꪜ 𝚨 𝔩 ꧊᱂ ༏ །༨ • Ⲧͱ꧊𝛂།༨𝛖𐍂 

🥂 ᴘᴏᴡєʀєᴅ» 𝗦ᴛᴀʟᴋᴇʀ </> | User: 8021449673 | Chat: 8021449673
2026-09-03 01:43:22 | admin | INFO | ✓ Command: /start | User: 8021449673 | Chat: 8021449673
2026-09-03 01:44:24 | admin | INFO | ✗ Command: text_search: 🎁ᴛιᴛʟє: {title}
👁ᴅᴜʀᴧᴛιση: {duration}
🥰ʀєǫᴜєsᴛєᴅ: {requested_by} | User: 8021449673 | Chat: 8021449673
2026-09-03 01:45:57 | admin | INFO | ✓ Command: /start | User: 8021449673 | Chat: 8021449673
2026-09-03 01:47:21 | admin | INFO | ✓ Command: /play o sahib | User: 8021449673 | Chat: -1003266613458
2026-09-03 02:07:58 | admin | INFO | ✓ Command: /start | User: 8021449673 | Chat: 8021449673
2026-09-03 02:09:48 | admin | INFO | ✓ Command: /start | User: 8021449673 | Chat: 8021449673
2026-09-03 02:13:55 | admin | INFO | ✓ Command: /start | User: 8021449673 | Chat: 8021449673
2026-09-03 02:14:22 | admin | INFO | ✓ Command: /start | User: 8021449673 | Chat: 8021449673
2026-09-03 02:18:10 | admin | INFO | ✓ Command: /start | User: 8021449673 | Chat: 8021449673
2026-09-03 02:20:48 | admin | INFO | ✓ Command: /start | User: 8021449673 | Chat: 8021449673
2026-09-03 02:23:05 | admin | INFO | ✓ Command: /start | User: 8021449673 | Chat: 8021449673
2026-09-03 02:23:27 | admin | INFO | ✓ Command: /start | User: 8021449673 | Chat: 8021449673
2026-09-03 02:24:39 | admin | INFO | ✓ Command: /play o sahib | User: 8021449673 | Chat: -1003266613458
2026-09-03 02:25:20 | admin | INFO | ✓ Command: /play haseen | User: 8021449673 | Chat: -1003266613458
2026-09-03 02:25:37 | admin | INFO | ✓ Command: /skip | User: 8021449673 | Chat: -1003266613458
2026-09-03 02:30:08 | admin | INFO | ✓ Command: /play o sahib | User: 8021449673 | Chat: -1003266613458
2026-09-03 02:32:09 | admin | INFO | ✓ Command: /start | User: 8021449673 | Chat: 8021449673
2026-09-03 02:33:16 | admin | INFO | ✓ Command: /start | User: 8021449673 | Chat: 8021449673
2026-09-03 02:33:43 | admin | INFO | ✓ Command: /play o sahib | User: 8021449673 | Chat: -1003266613458
2026-09-03 02:40:41 | admin | INFO | ✓ Command: /start | User: 8021449673 | Chat: 8021449673
2026-09-03 03:43:58 | admin | INFO | ✓ Command: /start | User: 8021449673 | Chat: 8021449673
2026-09-03 03:44:11 | admin | INFO | ✓ Command: /start | User: 8021449673 | Chat: 8021449673
2026-09-03 03:45:50 | admin | INFO | ✓ Command: /start | User: 8021449673 | Chat: 8021449673
2026-09-03 03:46:06 | admin | INFO | ✓ Command: /start | User: 8021449673 | Chat: 8021449673
2026-09-03 03:47:19 | admin | INFO | ✓ Command: /start | User: 8021449673 | Chat: 8021449673
2026-09-03 03:50:16 | admin | INFO | ✓ Command: /start | User: 8021449673 | Chat: 8021449673
2026-09-03 03:52:59 | admin | INFO | ✓ Command: /start | User: 8021449673 | Chat: 8021449673
2026-09-03 03:53:30 | admin | INFO | ✓ Command: /start | User: 8021449673 | Chat: 8021449673
2026-09-03 03:54:46 | admin | INFO | ✓ Command: /start | User: 8021449673 | Chat: 8021449673
2026-09-03 03:57:15 | admin | INFO | ✓ Command: /start | User: 8021449673 | Chat: 8021449673
2026-09-03 03:58:04 | admin | INFO | ✓ Command: /play o sahib | User: 8021449673 | Chat: -1003266613458
2026-09-03 03:59:55 | admin | INFO | ✓ Command: /start | User: 8021449673 | Chat: 8021449673
2026-09-03 04:00:41 | admin | INFO | ✓ Command: /play andaaz ae karam | User: 8021449673 | Chat: -1003266613458
2026-09-03 04:00:57 | admin | INFO | ✓ Command: /skip | User: 8021449673 | Chat: -1003266613458
2026-09-03 04:16:30 | admin | INFO | ✓ Command: /play o sahib | User: 8021449673 | Chat: -1003266613458
2026-09-03 04:27:21 | admin | INFO | ✓ Command: /play o sahib | User: 8021449673 | Chat: -1003266613458
2026-09-03 09:02:03 | admin | INFO | ✓ Command: /play o sahib | User: 8943536544 | Chat: -1004399351698
