2026-09-03 00:13:54 | bot | INFO | Database connected successfully
2026-09-03 00:14:35 | bot | INFO | Database connected successfully
2026-09-03 00:14:46 | bot | INFO | Bot is running and listening for commands...
2026-09-03 00:20:15 | bot | INFO | Shutting down bot...
2026-09-03 00:20:15 | bot | INFO | Bot shutdown complete
2026-09-03 00:21:24 | bot | INFO | Database connected successfully
2026-09-03 00:21:35 | bot | INFO | Bot is running and listening for commands...
2026-09-03 00:22:43 | bot | ERROR | Callback handler failed: Telegram says: [400 MD5_CHECKSUM_INVALID] - The file's checksum did not match the md5_checksum parameter (caused by "messages.SendMedia")
2026-09-03 00:22:43 | bot | ERROR | Callback handler error: Telegram says: [400 QUERY_ID_INVALID] - The callback query id is invalid (caused by "messages.SetBotCallbackAnswer")
2026-09-03 00:23:30 | bot | INFO | Shutting down bot...
2026-09-03 00:23:30 | bot | INFO | Bot shutdown complete
2026-09-03 00:23:54 | bot | INFO | Database connected successfully
2026-09-03 00:24:06 | bot | INFO | Bot is running and listening for commands...
2026-09-03 00:25:17 | bot | INFO | 🎵 ✅ ✓ ｜
2026-09-03 00:25:39 | bot | INFO | Shutting down bot...
2026-09-03 00:25:39 | bot | INFO | Bot shutdown complete
2026-09-03 00:26:01 | bot | INFO | 🎵 VTH MUSIC BOT STARTING...
2026-09-03 00:26:04 | bot | INFO | Database connected successfully
2026-09-03 00:26:16 | bot | INFO | ✅ VTH MUSIC BOT STARTED SUCCESSFULLY
2026-09-03 00:26:16 | bot | INFO | Bot is running and listening for commands...
2026-09-03 00:28:45 | bot | ERROR | Callback handler failed: 'PlayerState' object has no attribute 'cycle_loop'
2026-09-03 00:28:53 | bot | ERROR | Callback handler failed: 'PlayerState' object has no attribute 'toggle_shuffle'
2026-09-03 00:32:44 | bot | INFO | Shutting down bot...
2026-09-03 00:32:44 | bot | INFO | Bot shutdown complete
2026-09-03 00:33:17 | bot | INFO | 🎵 VTH MUSIC BOT STARTING...
2026-09-03 00:33:20 | bot | INFO | Database connected successfully
2026-09-03 00:33:32 | bot | INFO | ✅ VTH MUSIC BOT STARTED SUCCESSFULLY
2026-09-03 00:33:32 | bot | INFO | Bot is running and listening for commands...
2026-09-03 00:33:58 | bot | ERROR | Player refresh failed: Telegram says: [400 MESSAGE_NOT_MODIFIED] - The message was not modified because you tried to edit it using the same content (caused by "messages.EditMessage")
2026-09-03 00:34:01 | bot | ERROR | Player refresh failed: Telegram says: [400 MESSAGE_NOT_MODIFIED] - The message was not modified because you tried to edit it using the same content (caused by "messages.EditMessage")
2026-09-03 00:34:09 | bot | ERROR | Player refresh failed: Telegram says: [400 MESSAGE_NOT_MODIFIED] - The message was not modified because you tried to edit it using the same content (caused by "messages.EditMessage")
2026-09-03 00:34:19 | bot | ERROR | Player refresh failed: Telegram says: [400 MESSAGE_NOT_MODIFIED] - The message was not modified because you tried to edit it using the same content (caused by "messages.EditMessage")
2026-09-03 00:41:45 | bot | INFO | Shutting down bot...
2026-09-03 00:41:45 | bot | INFO | Bot shutdown complete
2026-09-03 00:42:07 | bot | INFO | 🎵 VTH MUSIC BOT STARTING...
2026-09-03 00:42:11 | bot | INFO | Database connected successfully
2026-09-03 00:42:24 | bot | INFO | ✅ VTH MUSIC BOT STARTED SUCCESSFULLY
2026-09-03 00:42:24 | bot | INFO | Bot is running and listening for commands...
2026-09-03 00:42:28 | bot | ERROR | Message handler failed for chat 8021449673: button() got an unexpected keyword argument 'custom_emoji_icon'
2026-09-03 00:44:30 | bot | INFO | Shutting down bot...
2026-09-03 00:44:30 | bot | INFO | Bot shutdown complete
2026-09-03 00:44:47 | bot | INFO | 🎵 VTH MUSIC BOT STARTING...
2026-09-03 00:44:51 | bot | INFO | Database connected successfully
2026-09-03 00:45:05 | bot | INFO | ✅ VTH MUSIC BOT STARTED SUCCESSFULLY
2026-09-03 00:45:05 | bot | INFO | Bot is running and listening for commands...
2026-09-03 00:45:17 | bot | ERROR | Message handler failed for chat 8021449673: button() got an unexpected keyword argument 'custom_emoji_icon'
2026-09-03 00:45:56 | bot | INFO | Shutting down bot...
2026-09-03 00:45:56 | bot | INFO | Bot shutdown complete
2026-09-03 00:46:07 | bot | INFO | 🎵 VTH MUSIC BOT STARTING...
2026-09-03 00:46:09 | bot | INFO | Database connected successfully
2026-09-03 00:46:21 | bot | INFO | ✅ VTH MUSIC BOT STARTED SUCCESSFULLY
2026-09-03 00:46:21 | bot | INFO | Bot is running and listening for commands...
2026-09-03 00:46:25 | bot | ERROR | Message handler failed for chat 8021449673: button() got an unexpected keyword argument 'icon_custom_emoji_id'
2026-09-03 00:57:48 | bot | INFO | Shutting down bot...
2026-09-03 00:57:48 | bot | INFO | Bot shutdown complete
2026-09-03 00:57:58 | bot | INFO | 🎵 VTH MUSIC BOT STARTING...
2026-09-03 00:58:00 | bot | INFO | Database connected successfully
2026-09-03 00:58:12 | bot | INFO | ✅ VTH MUSIC BOT STARTED SUCCESSFULLY
2026-09-03 00:58:12 | bot | INFO | Bot is running and listening for commands...
2026-09-03 00:58:24 | bot | ERROR | Metadata download failed: list index out of range
2026-09-03 00:58:24 | bot | ERROR | Queue failed for query: ✦ VTH MUSIC
Premium music, clean controls and a faster player built for Telegram.

● Welcome, ꪜ 𝚨 𝔩 ꧊᱂ ༏ །༨ • Ⲧͱ꧊𝛂།༨𝛖𐍂
● Add me to a group and start playing.

Fast • Stable • Premium: Failed to get track: list index out of range
2026-09-03 00:58:30 | bot | ERROR | Metadata download failed: list index out of range
2026-09-03 00:58:30 | bot | ERROR | Queue failed for query: ✦ VTH MUSIC
Premium music, clean controls and a faster player built for Telegram.

● Welcome, ꪜ 𝚨 𝔩 ꧊᱂ ༏ །༨ • Ⲧͱ꧊𝛂།༨𝛖𐍂
● Add me to a group and start playing.

Fast • Stable • Premium: Failed to get track: list index out of range
2026-09-03 00:58:37 | bot | ERROR | Metadata download failed: list index out of range
2026-09-03 00:58:37 | bot | ERROR | Queue failed for query: ✦ VTH MUSIC
Premium music, clean controls and a faster player built for Telegram.

● Welcome, ꪜ 𝚨 𝔩 ꧊᱂ ༏ །༨ • Ⲧͱ꧊𝛂།༨𝛖𐍂
● Add me to a group and start playing.

Fast • Stable • Premium: Failed to get track: list index out of range
2026-09-03 00:58:38 | bot | ERROR | Metadata download failed: list index out of range
2026-09-03 00:58:38 | bot | ERROR | Queue failed for query: ✦ VTH MUSIC
Premium music, clean controls and a faster player built for Telegram.

● Welcome, ꪜ 𝚨 𝔩 ꧊᱂ ༏ །༨ • Ⲧͱ꧊𝛂།༨𝛖𐍂
● Add me to a group and start playing.

Fast • Stable • Premium: Failed to get track: list index out of range
2026-09-03 01:00:16 | bot | INFO | Shutting down bot...
2026-09-03 01:00:16 | bot | INFO | Bot shutdown complete
2026-09-03 01:00:24 | bot | INFO | 🎵 VTH MUSIC BOT STARTING...
2026-09-03 01:00:26 | bot | INFO | Database connected successfully
2026-09-03 01:00:31 | bot | INFO | Shutting down bot...
2026-09-03 01:00:31 | bot | INFO | Bot shutdown complete
2026-09-03 01:02:05 | bot | INFO | 🎵 VTH MUSIC BOT STARTING...
2026-09-03 01:02:07 | bot | INFO | Database connected successfully
2026-09-03 01:02:19 | bot | INFO | ✅ VTH MUSIC BOT STARTED SUCCESSFULLY
2026-09-03 01:02:19 | bot | INFO | Bot is running and listening for commands...
2026-09-03 01:02:27 | bot | ERROR | Metadata download failed: list index out of range
2026-09-03 01:02:27 | bot | ERROR | Queue failed for query: ✦ VTH MUSIC
Premium music, clean controls and a faster player built for Telegram.

● Welcome, ꪜ 𝚨 𝔩 ꧊᱂ ༏ །༨ • Ⲧͱ꧊𝛂།༨𝛖𐍂
● Add me to a group and start playing.

Fast • Stable • Premium: Failed to get track: list index out of range
2026-09-03 01:03:20 | bot | INFO | Shutting down bot...
2026-09-03 01:03:20 | bot | INFO | Bot shutdown complete
2026-09-03 01:03:29 | bot | INFO | 🎵 VTH MUSIC BOT STARTING...
2026-09-03 01:03:31 | bot | INFO | Database connected successfully
2026-09-03 01:03:44 | bot | INFO | ✅ VTH MUSIC BOT STARTED SUCCESSFULLY
2026-09-03 01:03:44 | bot | INFO | Bot is running and listening for commands...
2026-09-03 01:05:26 | bot | ERROR | Callback handler failed: 'PlayerState' object has no attribute 'current_title'
2026-09-03 01:12:34 | bot | ERROR | Player refresh failed: editMessageCaption: Bad Request: message is not modified: specified new message content and reply markup are exactly the same as a current content and reply markup of the message
2026-09-03 01:14:38 | bot | ERROR | Player refresh failed: editMessageCaption: Bad Request: message is not modified: specified new message content and reply markup are exactly the same as a current content and reply markup of the message
2026-09-03 01:18:15 | bot | INFO | Shutting down bot...
2026-09-03 01:18:15 | bot | INFO | Bot shutdown complete
2026-09-03 01:18:49 | bot | INFO | 🎵 VTH MUSIC BOT STARTING...
2026-09-03 01:18:52 | bot | INFO | Database connected successfully
2026-09-03 01:19:06 | bot | INFO | ✅ VTH MUSIC BOT STARTED SUCCESSFULLY
2026-09-03 01:19:06 | bot | INFO | Bot is running and listening for commands...
2026-09-03 01:22:45 | bot | INFO | Shutting down bot...
2026-09-03 01:22:45 | bot | INFO | Bot shutdown complete
2026-09-03 01:23:19 | bot | INFO | 🎵 VTH MUSIC BOT STARTING...
2026-09-03 01:23:22 | bot | INFO | Database connected successfully
2026-09-03 01:23:35 | bot | INFO | ✅ VTH MUSIC BOT STARTED SUCCESSFULLY
2026-09-03 01:23:35 | bot | INFO | Bot is running and listening for commands...
2026-09-03 01:27:56 | bot | INFO | Shutting down bot...
2026-09-03 01:27:56 | bot | INFO | Bot shutdown complete
2026-09-03 01:28:07 | bot | INFO | 🎵 VTH MUSIC BOT STARTING...
2026-09-03 01:28:10 | bot | INFO | Database connected successfully
2026-09-03 01:28:22 | bot | INFO | ✅ VTH MUSIC BOT STARTED SUCCESSFULLY
2026-09-03 01:28:22 | bot | INFO | Bot is running and listening for commands...
2026-09-03 01:33:09 | bot | ERROR | Metadata download failed: list index out of range
2026-09-03 01:33:09 | bot | ERROR | Queue failed for query: 🎵 VTH MUSIC

Song : {title}
😽 : {artist}
⏰Duration :  {duration}
🥺 Requested by: {requested_by}
😽 Queue: {queue}

━━━━━━━━━━━━━━
▶️ NOW PLAYING
━━━━━━━━━━━━━━: Failed to get track: list index out of range
2026-09-03 01:33:37 | bot | ERROR | Playback failed for: "Tum Hi Ho" Aashiqui 2 Full Song With Lyrics | Aditya Roy Kapur, Shraddha Kapoor: Telegram says: [400 PEER_ID_INVALID] - The peer id being used is invalid or not known yet. Make sure you meet the peer before interacting with it 
2026-09-03 01:39:05 | bot | ERROR | Metadata download failed: list index out of range
2026-09-03 01:39:05 | bot | ERROR | Queue failed for query: 🎁ᴛιᴛʟє: O Sahiba O Sahiba
👁ᴅᴜʀᴧᴛιση: 4:52 ᴍιη
🥰ʀєǫᴜєsᴛєᴅ: ꪜ 𝚨 𝔩 ꧊᱂ ༏ །༨ • Ⲧͱ꧊𝛂།༨𝛖𐍂 

🥂 ᴘᴏᴡєʀєᴅ» 𝗦ᴛᴀʟᴋᴇʀ </>: Failed to get track: list index out of range
2026-09-03 01:42:50 | bot | INFO | Shutting down bot...
2026-09-03 01:42:50 | bot | INFO | Bot shutdown complete
2026-09-03 01:43:02 | bot | INFO | 🎵 VTH MUSIC BOT STARTING...
2026-09-03 01:43:05 | bot | INFO | Database connected successfully
2026-09-03 01:43:17 | bot | INFO | ✅ VTH MUSIC BOT STARTED SUCCESSFULLY
2026-09-03 01:43:17 | bot | INFO | Bot is running and listening for commands...
2026-09-03 01:44:23 | bot | ERROR | Metadata download failed: list index out of range
2026-09-03 01:44:23 | bot | ERROR | Queue failed for query: 🎁ᴛιᴛʟє: {title}
👁ᴅᴜʀᴧᴛιση: {duration}
🥰ʀєǫᴜєsᴛєᴅ: {requested_by}: Failed to get track: list index out of range
2026-09-03 01:45:23 | bot | INFO | Shutting down bot...
2026-09-03 01:45:23 | bot | INFO | Bot shutdown complete
2026-09-03 01:45:34 | bot | INFO | 🎵 VTH MUSIC BOT STARTING...
2026-09-03 01:45:36 | bot | INFO | Database connected successfully
2026-09-03 01:45:49 | bot | INFO | ✅ VTH MUSIC BOT STARTED SUCCESSFULLY
2026-09-03 01:45:49 | bot | INFO | Bot is running and listening for commands...
2026-09-03 01:51:32 | bot | INFO | Shutting down bot...
2026-09-03 01:51:32 | bot | INFO | Bot shutdown complete
2026-09-03 01:52:01 | bot | INFO | 🎵 VTH MUSIC BOT STARTING...
2026-09-03 01:52:03 | bot | INFO | Database connected successfully
2026-09-03 01:52:16 | bot | INFO | ✅ VTH MUSIC BOT STARTED SUCCESSFULLY
2026-09-03 01:52:16 | bot | INFO | Bot is running and listening for commands...
2026-09-03 02:05:37 | bot | INFO | Shutting down bot...
2026-09-03 02:05:37 | bot | INFO | Bot shutdown complete
2026-09-03 02:07:08 | bot | INFO | 🎵 VTH MUSIC BOT STARTING...
2026-09-03 02:07:11 | bot | INFO | Database connected successfully
2026-09-03 02:07:30 | bot | INFO | ✅ VTH MUSIC BOT STARTED SUCCESSFULLY
2026-09-03 02:07:30 | bot | INFO | Bot is running and listening for commands...
2026-09-03 02:08:46 | bot | INFO | Shutting down bot...
2026-09-03 02:08:46 | bot | INFO | Bot shutdown complete
2026-09-03 02:09:02 | bot | INFO | 🎵 VTH MUSIC BOT STARTING...
2026-09-03 02:09:23 | bot | INFO | Database connected successfully
2026-09-03 02:09:34 | bot | INFO | ✅ VTH MUSIC BOT STARTED SUCCESSFULLY
2026-09-03 02:09:34 | bot | INFO | Bot is running and listening for commands...
2026-09-03 02:13:08 | bot | INFO | Shutting down bot...
2026-09-03 02:13:08 | bot | INFO | Bot shutdown complete
2026-09-03 02:13:18 | bot | INFO | 🎵 VTH MUSIC BOT STARTING...
2026-09-03 02:13:21 | bot | INFO | Database connected successfully
2026-09-03 02:13:35 | bot | INFO | ✅ VTH MUSIC BOT STARTED SUCCESSFULLY
2026-09-03 02:13:35 | bot | INFO | Bot is running and listening for commands...
2026-09-03 02:16:54 | bot | INFO | Shutting down bot...
2026-09-03 02:16:54 | bot | INFO | Bot shutdown complete
2026-09-03 02:17:03 | bot | INFO | 🎵 VTH MUSIC BOT STARTING...
2026-09-03 02:17:05 | bot | INFO | Database connected successfully
2026-09-03 02:17:16 | bot | INFO | ✅ VTH MUSIC BOT STARTED SUCCESSFULLY
2026-09-03 02:17:16 | bot | INFO | Bot is running and listening for commands...
2026-09-03 02:19:52 | bot | INFO | Shutting down bot...
2026-09-03 02:19:53 | bot | INFO | Bot shutdown complete
2026-09-03 02:20:02 | bot | INFO | 🎵 VTH MUSIC BOT STARTING...
2026-09-03 02:20:05 | bot | INFO | Database connected successfully
2026-09-03 02:20:17 | bot | INFO | ✅ VTH MUSIC BOT STARTED SUCCESSFULLY
2026-09-03 02:20:17 | bot | INFO | Bot is running and listening for commands...
2026-09-03 02:22:11 | bot | INFO | Shutting down bot...
2026-09-03 02:22:11 | bot | INFO | Bot shutdown complete
2026-09-03 02:22:24 | bot | INFO | 🎵 VTH MUSIC BOT STARTING...
2026-09-03 02:22:27 | bot | INFO | Database connected successfully
2026-09-03 02:22:39 | bot | INFO | ✅ VTH MUSIC BOT STARTED SUCCESSFULLY
2026-09-03 02:22:39 | bot | INFO | Bot is running and listening for commands...
2026-09-03 02:24:39 | bot | ERROR | Failed to send player post for -1003266613458: sendVideo: Bad Request: can't parse MessageEntity: Unsupported type specified
2026-09-03 02:25:36 | bot | ERROR | Failed to send player post for -1003266613458: sendVideo: Bad Request: can't parse MessageEntity: Unsupported type specified
2026-09-03 02:28:58 | bot | INFO | Shutting down bot...
2026-09-03 02:28:58 | bot | INFO | Bot shutdown complete
2026-09-03 02:29:23 | bot | INFO | 🎵 VTH MUSIC BOT STARTING...
2026-09-03 02:29:25 | bot | INFO | Database connected successfully
2026-09-03 02:29:37 | bot | INFO | ✅ VTH MUSIC BOT STARTED SUCCESSFULLY
2026-09-03 02:29:37 | bot | INFO | Bot is running and listening for commands...
2026-09-03 02:32:14 | bot | INFO | Shutting down bot...
2026-09-03 02:32:15 | bot | INFO | Bot shutdown complete
2026-09-03 02:32:42 | bot | INFO | 🎵 VTH MUSIC BOT STARTING...
2026-09-03 02:32:44 | bot | INFO | Database connected successfully
2026-09-03 02:32:56 | bot | INFO | ✅ VTH MUSIC BOT STARTED SUCCESSFULLY
2026-09-03 02:32:56 | bot | INFO | Bot is running and listening for commands...
2026-09-03 02:37:52 | bot | INFO | Shutting down bot...
2026-09-03 02:37:52 | bot | INFO | Bot shutdown complete
2026-09-03 02:38:11 | bot | INFO | 🎵 VTH MUSIC BOT STARTING...
2026-09-03 02:38:14 | bot | INFO | Database connected successfully
2026-09-03 02:38:26 | bot | INFO | ✅ VTH MUSIC BOT STARTED SUCCESSFULLY
2026-09-03 02:38:26 | bot | INFO | Bot is running and listening for commands...
2026-09-03 03:43:38 | bot | INFO | 🎵 VTH MUSIC BOT STARTING...
2026-09-03 03:43:41 | bot | INFO | Database connected successfully
2026-09-03 03:43:54 | bot | INFO | ✅ VTH MUSIC BOT STARTED SUCCESSFULLY
2026-09-03 03:43:54 | bot | INFO | Bot is running and listening for commands...
2026-09-03 03:45:17 | bot | INFO | Shutting down bot...
2026-09-03 03:45:17 | bot | INFO | Bot shutdown complete
2026-09-03 03:45:29 | bot | INFO | 🎵 VTH MUSIC BOT STARTING...
2026-09-03 03:45:32 | bot | INFO | Database connected successfully
2026-09-03 03:45:43 | bot | INFO | ✅ VTH MUSIC BOT STARTED SUCCESSFULLY
2026-09-03 03:45:43 | bot | INFO | Bot is running and listening for commands...
2026-09-03 03:46:47 | bot | INFO | Shutting down bot...
2026-09-03 03:46:47 | bot | INFO | Bot shutdown complete
2026-09-03 03:46:58 | bot | INFO | 🎵 VTH MUSIC BOT STARTING...
2026-09-03 03:47:00 | bot | INFO | Database connected successfully
2026-09-03 03:47:12 | bot | INFO | ✅ VTH MUSIC BOT STARTED SUCCESSFULLY
2026-09-03 03:47:12 | bot | INFO | Bot is running and listening for commands...
2026-09-03 03:49:42 | bot | INFO | Shutting down bot...
2026-09-03 03:49:42 | bot | INFO | Bot shutdown complete
2026-09-03 03:49:52 | bot | INFO | 🎵 VTH MUSIC BOT STARTING...
2026-09-03 03:49:56 | bot | INFO | Database connected successfully
2026-09-03 03:50:08 | bot | INFO | ✅ VTH MUSIC BOT STARTED SUCCESSFULLY
2026-09-03 03:50:08 | bot | INFO | Bot is running and listening for commands...
2026-09-03 03:51:20 | bot | INFO | Shutting down bot...
2026-09-03 03:51:20 | bot | INFO | Bot shutdown complete
2026-09-03 03:51:31 | bot | INFO | 🎵 VTH MUSIC BOT STARTING...
2026-09-03 03:51:34 | bot | INFO | Database connected successfully
2026-09-03 03:51:46 | bot | INFO | ✅ VTH MUSIC BOT STARTED SUCCESSFULLY
2026-09-03 03:51:46 | bot | INFO | Bot is running and listening for commands...
2026-09-03 03:51:57 | bot | ERROR | Message handler failed for chat 8021449673: Invalid parse mode "HTML"
2026-09-03 03:52:32 | bot | INFO | Shutting down bot...
2026-09-03 03:52:33 | bot | INFO | Bot shutdown complete
2026-09-03 03:52:41 | bot | INFO | 🎵 VTH MUSIC BOT STARTING...
2026-09-03 03:52:44 | bot | INFO | Database connected successfully
2026-09-03 03:52:55 | bot | INFO | ✅ VTH MUSIC BOT STARTED SUCCESSFULLY
2026-09-03 03:52:55 | bot | INFO | Bot is running and listening for commands...
2026-09-03 03:54:15 | bot | INFO | Shutting down bot...
2026-09-03 03:54:15 | bot | INFO | Bot shutdown complete
2026-09-03 03:54:22 | bot | INFO | 🎵 VTH MUSIC BOT STARTING...
2026-09-03 03:54:26 | bot | INFO | Database connected successfully
2026-09-03 03:54:36 | bot | INFO | ✅ VTH MUSIC BOT STARTED SUCCESSFULLY
2026-09-03 03:54:36 | bot | INFO | Bot is running and listening for commands...
2026-09-03 03:56:37 | bot | INFO | Shutting down bot...
2026-09-03 03:56:37 | bot | INFO | Bot shutdown complete
2026-09-03 03:56:47 | bot | INFO | 🎵 VTH MUSIC BOT STARTING...
2026-09-03 03:56:50 | bot | INFO | Database connected successfully
2026-09-03 03:57:02 | bot | INFO | ✅ VTH MUSIC BOT STARTED SUCCESSFULLY
2026-09-03 03:57:02 | bot | INFO | Bot is running and listening for commands...
2026-09-03 04:01:44 | bot | ERROR | Player refresh failed: editMessageCaption: Bad Request: message is not modified: specified new message content and reply markup are exactly the same as a current content and reply markup of the message
2026-09-03 04:14:54 | bot | INFO | Shutting down bot...
2026-09-03 04:14:55 | bot | INFO | Bot shutdown complete
2026-09-03 04:15:20 | bot | INFO | 🎵 VTH MUSIC BOT STARTING...
2026-09-03 04:15:23 | bot | INFO | Database connected successfully
2026-09-03 04:15:34 | bot | INFO | ✅ VTH MUSIC BOT STARTED SUCCESSFULLY
2026-09-03 04:15:34 | bot | INFO | Bot is running and listening for commands...
2026-09-03 04:19:21 | bot | ERROR | Player refresh failed: editMessageCaption: Bad Request: message is not modified: specified new message content and reply markup are exactly the same as a current content and reply markup of the message
2026-09-03 04:26:31 | bot | INFO | Shutting down bot...
2026-09-03 04:26:31 | bot | INFO | Bot shutdown complete
2026-09-03 04:26:48 | bot | INFO | 🎵 VTH MUSIC BOT STARTING...
2026-09-03 04:26:50 | bot | INFO | Database connected successfully
2026-09-03 04:27:02 | bot | INFO | ✅ VTH MUSIC BOT STARTED SUCCESSFULLY
2026-09-03 04:27:02 | bot | INFO | Bot is running and listening for commands...
2026-09-03 04:37:04 | bot | INFO | Shutting down bot...
2026-09-03 04:37:04 | bot | INFO | Bot shutdown complete
2026-09-03 05:42:52 | bot | INFO | YouTube cookies are not configured; continuing without authenticated cookies.
2026-09-03 05:42:52 | bot | WARNING | YouTube cookie configuration is invalid.
2026-09-03 05:42:53 | bot | INFO | YouTube cookies loaded from YOUTUBE_COOKIES_B64.
