2026-09-03 00:15:54 | playback | INFO | Started playing: "Tum Hi Ho" Aashiqui 2 Full Song With Lyrics | Aditya Roy Kapur, Shraddha Kapoor in chat -1003266613458
2026-09-03 00:17:08 | playback | INFO | Started playing: HASEEN - TALWIINDER, NDS, RIPPY (Official Visualizer) in chat -1003266613458
2026-09-03 00:19:59 | playback | INFO | Queue finished for chat -1003266613458
2026-09-03 00:21:55 | playback | INFO | Started playing: O Sahib OST - Complete Soundtrack of Abdullahpur Ka Devdas | Adnan Dhool in chat -1003266613458
2026-09-03 00:24:27 | playback | INFO | Started playing: O Sahib OST - Complete Soundtrack of Abdullahpur Ka Devdas | Adnan Dhool in chat -1003266613458
2026-09-03 00:26:40 | playback | INFO | Started playing: O Sahib OST - Complete Soundtrack of Abdullahpur Ka Devdas | Adnan Dhool in chat -1003266613458
2026-09-03 00:28:41 | playback | INFO | Started playing: O Sahib OST - Complete Soundtrack of Abdullahpur Ka Devdas | Adnan Dhool in chat -1003266613458
2026-09-03 00:32:32 | playback | INFO | Queue finished for chat -1003266613458
2026-09-03 00:33:50 | playback | INFO | Started playing: O Sahib OST - Complete Soundtrack of Abdullahpur Ka Devdas | Adnan Dhool in chat -1003266613458
2026-09-03 00:37:54 | playback | INFO | Started playing: Unveiling the Magic: Pardes Katenda | Adnan Dhool | Saraiki Song 2023 |Official Visualizer in chat -1003266613458
2026-09-03 00:41:11 | playback | INFO | Started playing: Unveiling the Magic: Pardes Katenda | Adnan Dhool | Saraiki Song 2023 |Official Visualizer in chat -1003266613458
2026-09-03 01:04:34 | playback | INFO | Started playing: O Sahib OST - Complete Soundtrack of Abdullahpur Ka Devdas | Adnan Dhool in chat -1003266613458
2026-09-03 01:05:26 | playback | INFO | Started playing: Andaaz e Karam (Official Video) Madhur Sharma, Moin, ER, Roheb in chat -1003266613458
2026-09-03 01:12:48 | playback | INFO | Started playing: Andaaz e Karam (Official Video) Madhur Sharma, Moin, ER, Roheb in chat -1003266613458
2026-09-03 01:19:33 | playback | INFO | Started playing: Oh Sahib - Original Soundtrack Of Abdullahpur Ka Devdas | Zain Zohaib in chat -1003266613458
2026-09-03 01:22:36 | playback | INFO | Queue finished for chat -1003266613458
2026-09-03 01:47:21 | playback | INFO | Started playing: O Sahib OST - Complete Soundtrack of Abdullahpur Ka Devdas | Adnan Dhool in chat -1003266613458
2026-09-03 01:51:08 | playback | INFO | Queue finished for chat -1003266613458
2026-09-03 02:24:39 | playback | INFO | Started playing: O Sahib OST - Complete Soundtrack of Abdullahpur Ka Devdas | Adnan Dhool in chat -1003266613458
2026-09-03 02:25:36 | playback | INFO | Started playing: HASEEN - TALWIINDER, NDS, RIPPY (Official Visualizer) in chat -1003266613458
2026-09-03 02:28:24 | playback | INFO | Queue finished for chat -1003266613458
2026-09-03 02:30:08 | playback | INFO | Started playing: O Sahib OST - Complete Soundtrack of Abdullahpur Ka Devdas | Adnan Dhool in chat -1003266613458
2026-09-03 02:33:43 | playback | INFO | Started playing: O Sahib OST - Complete Soundtrack of Abdullahpur Ka Devdas | Adnan Dhool in chat -1003266613458
2026-09-03 02:37:38 | playback | INFO | Queue finished for chat -1003266613458
2026-09-03 03:58:04 | playback | INFO | Started playing: O Sahib OST - Complete Soundtrack of Abdullahpur Ka Devdas | Adnan Dhool in chat -1003266613458
2026-09-03 04:00:57 | playback | INFO | Started playing: Andaaz e Karam (Official Video) Madhur Sharma, Moin, ER, Roheb in chat -1003266613458
2026-09-03 04:08:23 | playback | INFO | Started playing: Andaaz e Karam (Official Video) Madhur Sharma, Moin, ER, Roheb in chat -1003266613458
2026-09-03 04:16:30 | playback | INFO | Started playing: O Sahib OST - Complete Soundtrack of Abdullahpur Ka Devdas | Adnan Dhool in chat -1003266613458
2026-09-03 04:20:42 | playback | INFO | Started playing: Unveiling the Magic: Pardes Katenda | Adnan Dhool | Saraiki Song 2023 |Official Visualizer in chat -1003266613458
2026-09-03 04:23:42 | playback | INFO | Started playing: Unveiling the Magic: Pardes Katenda | Adnan Dhool | Saraiki Song 2023 |Official Visualizer in chat -1003266613458
2026-09-03 04:27:21 | playback | INFO | Started playing: O Sahib OST - Complete Soundtrack of Abdullahpur Ka Devdas | Adnan Dhool in chat -1003266613458
2026-09-03 04:28:11 | playback | INFO | Started playing: Andaaz e Karam (Official Video) Madhur Sharma, Moin, ER, Roheb in chat -1003266613458
2026-09-03 04:35:24 | playback | INFO | Queue finished for chat -1003266613458
